2025-12-28 22:34:54 | [32mINFO[0m | ======================================================================
2025-12-28 22:34:54 | [32mINFO[0m |   MULTI-RATE LATE FUSION TRAINING
2025-12-28 22:34:54 | [32mINFO[0m |   Started at: 2025-12-28 22:34:54
2025-12-28 22:34:54 | [32mINFO[0m | ======================================================================
2025-12-28 22:34:54 | [32mINFO[0m | Configuration:
2025-12-28 22:34:54 | [32mINFO[0m |   Window: 120s
2025-12-28 22:34:54 | [32mINFO[0m |   Horizon: 3 min
2025-12-28 22:34:54 | [32mINFO[0m |   Target: label_3min
2025-12-28 22:34:54 | [32mINFO[0m |   ACC samples: 3840 (3 channels at 32Hz)
2025-12-28 22:34:54 | [32mINFO[0m |   Physio samples: 120 (5 channels at 1Hz)
2025-12-28 22:34:54 | [32mINFO[0m |   Threshold method: constrained_gmean (min_recall=0.85, max_fpr=0.20)
2025-12-28 22:34:54 | [32mINFO[0m |   Channels: acc_x, acc_y, acc_z, skin_temp, heatflux, cbt, hr_bpm, rmssd
2025-12-28 22:34:54 | [32mINFO[0m | Device: mps
2025-12-28 22:34:54 | [32mINFO[0m | 
--------------------------------------------------
2025-12-28 22:34:54 | [32mINFO[0m | Loading data at native rates...
2025-12-28 22:34:54 | [32mINFO[0m | --------------------------------------------------
2025-12-28 22:35:12 | [32mINFO[0m | Loaded 1733 windows from 21 subjects
2025-12-28 22:35:12 | [32mINFO[0m | 
Model parameters: 227,650
2025-12-28 22:35:12 | [32mINFO[0m | 
============================================================
2025-12-28 22:35:12 | [32mINFO[0m | LOSO CROSS-VALIDATION
2025-12-28 22:35:12 | [32mINFO[0m | ============================================================
2025-12-28 22:35:13 | [32mINFO[0m |   Training fold_0a73ef1b...
2025-12-28 22:35:17 | [32mINFO[0m |     Epoch   1/100: Loss=0.7068, Recall=0.314, Precision=0.074, G-mean=0.464, BalAcc=0.499
2025-12-28 22:35:25 | [32mINFO[0m |     Epoch  10/100: Loss=0.5891, Recall=0.285, Precision=0.083, G-mean=0.460, BalAcc=0.514
2025-12-28 22:35:34 | [32mINFO[0m |     Epoch  20/100: Loss=0.5160, Recall=0.293, Precision=0.065, G-mean=0.439, BalAcc=0.475
2025-12-28 22:35:43 | [32mINFO[0m |     Epoch  30/100: Loss=0.4627, Recall=0.402, Precision=0.085, G-mean=0.512, BalAcc=0.527
